
> app_portal_laCarreta@0.0.0 build
> vite build

[36mvite v5.4.6 [32mbuilding for production...[36m[39m
transforming...
[32m✓[39m 3444 modules transformed.
rendering chunks...
computing gzip size...
[2mdist/[22m[32mmanifest.webmanifest                          [39m[1m[2m    0.37 kB[22m[1m[22m
[2mdist/[22m[32mindex.html                                    [39m[1m[2m    0.57 kB[22m[1m[22m[2m │ gzip:   0.36 kB[22m
[2mdist/[22m[36massets/chunk-G6T6CBSV-qluzBU56.js             [39m[1m[2m    0.16 kB[22m[1m[22m[2m │ gzip:   0.16 kB[22m
[2mdist/[22m[36massets/chunk-SNGWRL4Y-i4yQ3vRp.js             [39m[1m[2m    0.25 kB[22m[1m[22m[2m │ gzip:   0.21 kB[22m
[2mdist/[22m[36massets/ControlCalidadRouter-z5wkybUO.js       [39m[1m[2m    0.28 kB[22m[1m[22m[2m │ gzip:   0.20 kB[22m
[2mdist/[22m[36massets/DeuRoute-envckA_S.js                   [39m[1m[2m    0.35 kB[22m[1m[22m[2m │ gzip:   0.23 kB[22m
[2mdist/[22m[36massets/chunk-FOYGMBBW-CRVus3Ie.js             [39m[1m[2m    0.36 kB[22m[1m[22m[2m │ gzip:   0.27 kB[22m
[2mdist/[22m[36massets/ComprasRouter-IS5u3TNZ.js              [39m[1m[2m    0.39 kB[22m[1m[22m[2m │ gzip:   0.25 kB[22m
[2mdist/[22m[36massets/exportarPedidosRouter-CHPnCmt3.js      [39m[1m[2m    0.39 kB[22m[1m[22m[2m │ gzip:   0.26 kB[22m
[2mdist/[22m[36massets/chunk-4IH3O7BJ-Cor-7QfS.js             [39m[1m[2m    0.43 kB[22m[1m[22m[2m │ gzip:   0.31 kB[22m
[2mdist/[22m[36massets/chunk-TRO7245M-DJDw7K7I.js             [39m[1m[2m    0.88 kB[22m[1m[22m[2m │ gzip:   0.44 kB[22m
[2mdist/[22m[36massets/OrdersTable-Bwiuocn7.js                [39m[1m[2m    1.19 kB[22m[1m[22m[2m │ gzip:   0.65 kB[22m
[2mdist/[22m[36massets/chunk-VGESXGVT-DBkg07wk.js             [39m[1m[2m    1.22 kB[22m[1m[22m[2m │ gzip:   0.70 kB[22m
[2mdist/[22m[36massets/FilterPanel-CUBkBZEJ.js                [39m[1m[2m    1.48 kB[22m[1m[22m[2m │ gzip:   0.62 kB[22m
[2mdist/[22m[36massets/pedidoProductionDetail-DeHjPO8l.js     [39m[1m[2m    1.66 kB[22m[1m[22m[2m │ gzip:   0.84 kB[22m
[2mdist/[22m[36massets/BotonSincronizarReceta-DmvtlQk0.js     [39m[1m[2m    1.92 kB[22m[1m[22m[2m │ gzip:   1.01 kB[22m
[2mdist/[22m[36massets/AcceptOrderButton-DVFYdFvc.js          [39m[1m[2m    2.73 kB[22m[1m[22m[2m │ gzip:   1.32 kB[22m
[2mdist/[22m[36massets/digitadorOrden-5AtR1GTY.js             [39m[1m[2m    2.95 kB[22m[1m[22m[2m │ gzip:   1.41 kB[22m
[2mdist/[22m[36massets/detalleDigitadorOrden-DXog7vBy.js      [39m[1m[2m    3.10 kB[22m[1m[22m[2m │ gzip:   1.35 kB[22m
[2mdist/[22m[36massets/PaisRoute-CT481XI_.js                  [39m[1m[2m    3.70 kB[22m[1m[22m[2m │ gzip:   1.59 kB[22m
[2mdist/[22m[36massets/CiudaRouter-nr3i5jnT.js                [39m[1m[2m    4.11 kB[22m[1m[22m[2m │ gzip:   1.69 kB[22m
[2mdist/[22m[36massets/digitadorFabricacionOrden-bd5jeWSQ.js  [39m[1m[2m    4.83 kB[22m[1m[22m[2m │ gzip:   2.13 kB[22m
[2mdist/[22m[36massets/pedidoProduccion-DavG7EXl.js           [39m[1m[2m    4.99 kB[22m[1m[22m[2m │ gzip:   2.15 kB[22m
[2mdist/[22m[36massets/ConsolidatedOrdersView-BT37S7mb.js     [39m[1m[2m    5.24 kB[22m[1m[22m[2m │ gzip:   2.16 kB[22m
[2mdist/[22m[36massets/workbox-window.prod.es5-vqzQaGvo.js    [39m[1m[2m    5.72 kB[22m[1m[22m[2m │ gzip:   2.35 kB[22m
[2mdist/[22m[36massets/ItemRouter-B0A75HAx.js                 [39m[1m[2m    6.34 kB[22m[1m[22m[2m │ gzip:   2.51 kB[22m
[2mdist/[22m[36massets/supervisorProduction-GoJi2gbW.js       [39m[1m[2m    6.84 kB[22m[1m[22m[2m │ gzip:   2.91 kB[22m
[2mdist/[22m[36massets/QA-DEsUZBe_.js                         [39m[1m[2m    7.96 kB[22m[1m[22m[2m │ gzip:   3.16 kB[22m
[2mdist/[22m[36massets/RechazoModal-DG075LRQ.js               [39m[1m[2m    8.15 kB[22m[1m[22m[2m │ gzip:   2.86 kB[22m
[2mdist/[22m[36massets/OrderRow-D5jcxSXF.js                   [39m[1m[2m    8.27 kB[22m[1m[22m[2m │ gzip:   3.04 kB[22m
[2mdist/[22m[36massets/RutaRouter-Ds4itg-A.js                 [39m[1m[2m    8.28 kB[22m[1m[22m[2m │ gzip:   3.18 kB[22m
[2mdist/[22m[36massets/AsignacionAreaMesaRoute-D_Rppjsh.js    [39m[1m[2m    8.64 kB[22m[1m[22m[2m │ gzip:   3.16 kB[22m
[2mdist/[22m[36massets/PedidosEntrantesRouter-BsdMMyVL.js     [39m[1m[2m    8.99 kB[22m[1m[22m[2m │ gzip:   3.45 kB[22m
[2mdist/[22m[36massets/FabricacionDetails-DsTx17zM.js         [39m[1m[2m    9.47 kB[22m[1m[22m[2m │ gzip:   3.52 kB[22m
[2mdist/[22m[36massets/EmpresaRoute-aTEh3KhB.js               [39m[1m[2m    9.85 kB[22m[1m[22m[2m │ gzip:   3.33 kB[22m
[2mdist/[22m[36massets/CompradorRouter-CewwUSzs.js            [39m[1m[2m   13.36 kB[22m[1m[22m[2m │ gzip:   4.96 kB[22m
[2mdist/[22m[36massets/TiendaRouter-rZbSB371.js               [39m[1m[2m   14.38 kB[22m[1m[22m[2m │ gzip:   4.95 kB[22m
[2mdist/[22m[36massets/QADetails-CuL6Z2N_.js                  [39m[1m[2m   21.47 kB[22m[1m[22m[2m │ gzip:   7.99 kB[22m
[2mdist/[22m[36massets/PedidosRouter-Dj_JpgiL.js              [39m[1m[2m   25.95 kB[22m[1m[22m[2m │ gzip:   8.13 kB[22m
[2mdist/[22m[36massets/HistorialPedidoRouter-CW0agU4n.js      [39m[1m[2m   53.11 kB[22m[1m[22m[2m │ gzip:  16.36 kB[22m
[2mdist/[22m[36massets/react-select.esm-DbQ_U_3a.js           [39m[1m[2m   66.18 kB[22m[1m[22m[2m │ gzip:  23.35 kB[22m
[2mdist/[22m[36massets/index-Dtw9lJyi.js                      [39m[1m[33m2,796.69 kB[39m[22m[2m │ gzip: 819.56 kB[22m
[33m
(!) Some chunks are larger than 500 kB after minification. Consider:
- Using dynamic import() to code-split the application
- Use build.rollupOptions.output.manualChunks to improve chunking: https://rollupjs.org/configuration-options/#output-manualchunks
- Adjust chunk size limit for this warning via build.chunkSizeWarningLimit.[39m
[32m✓ built in 23.09s[39m
[31merror during build:
Error: 
  Configure "workbox.maximumFileSizeToCacheInBytes" to change the limit: the default value is 2 MiB.
  Check https://vite-pwa-org.netlify.app/guide/faq.html#missing-assets-from-sw-precache-manifest for more information.
  Assets exceeding the limit:
  - assets/index-Dtw9lJyi.js is 2.8 MB, and won't be precached.

    at logWorkboxResult (file:///C:/Users/felix.calel/Documents/Proyectos/LaCarreta/frontendlacarreta/node_modules/vite-plugin-pwa/dist/chunk-G4TAN34B.js:44:13)
    at generateServiceWorker (file:///C:/Users/felix.calel/Documents/Proyectos/LaCarreta/frontendlacarreta/node_modules/vite-plugin-pwa/dist/index.js:209:3)
    at async _generateSW (file:///C:/Users/felix.calel/Documents/Proyectos/LaCarreta/frontendlacarreta/node_modules/vite-plugin-pwa/dist/index.js:234:5)
    at async Object.handler (file:///C:/Users/felix.calel/Documents/Proyectos/LaCarreta/frontendlacarreta/node_modules/vite-plugin-pwa/dist/index.js:427:13)
    at async PluginDriver.hookParallel (file:///C:/Users/felix.calel/Documents/Proyectos/LaCarreta/frontendlacarreta/node_modules/rollup/dist/es/shared/node-entry.js:19850:17)
    at async Object.close (file:///C:/Users/felix.calel/Documents/Proyectos/LaCarreta/frontendlacarreta/node_modules/rollup/dist/es/shared/node-entry.js:20784:13)
    at async build (file:///C:/Users/felix.calel/Documents/Proyectos/LaCarreta/frontendlacarreta/node_modules/vite/dist/node/chunks/dep-DyBnyoVI.js:65408:17)
    at async CAC.<anonymous> (file:///C:/Users/felix.calel/Documents/Proyectos/LaCarreta/frontendlacarreta/node_modules/vite/dist/node/cli.js:828:5)[39m
